Script started on 2020-05-03 15:43:58-04:00 [TERM="xterm-256color" TTY="/dev/pts/12" COLUMNS="80" LINES="50"]
qxiong1@remote02:~/i240a/work/lab10$ s[Kls
1-fact	2-tdd  Makefile  typescript
qxiong1@remote02:~/i240a/work/lab10$ cd 2-tdd/
qxiong1@remote02:~/i240a/work/lab10/2-tdd$ cd ..
qxiong1@remote02:~/i240a/work/lab10$ cd 1-fact/
qxiong1@remote02:~/i240a/work/lab10/1-fact$ ls
fact.cc  fact.hh  main.cc  test-main.cc
qxiong1@remote02:~/i240a/work/lab10/1-fact$ vim[K[K[Kvim test-main.cc 
[?1000h[?2004h[?1049h[22;0;0t[?1h=[?2004h[1;50r[?12h[?12l[22;2t[22;1t[27m[23m[29m[m[H[2J[?25l[50;1H"test-main.cc" 13L, 315C[2;1Hâ–½[6n[2;1H  [1;1H[>c]10;?]11;?[1;1H[34m//This tells Catch to provide a main() - only do this in one cpp file[m
[35m#define CATCH_CONFIG_MAIN 
#include [m[31m"catch.hh"[m

[35m#include [m[31m"fact.hh"[m

TEST_CASE( [31m"Factorials are computed"[m, [31m"[fact]"[m ) {
    REQUIRE( fact([31m1[m) == [31m1[m );
    REQUIRE( fact([31m2[m) == [31m2[m );
    REQUIRE( fact([31m3[m) == [31m6[m );
    REQUIRE( fact([31m10[m) == [31m3628800[m );
}

[94m~                                                                               [15;1H~                                                                               [16;1H~                                                                               [17;1H~                                                                               [18;1H~                                                                               [19;1H~                                                                               [20;1H~                                                                               [21;1H~                                                                               [22;1H~                                                                               [23;1H~                                                                               [24;1H~                                                                               [25;1H~                                                                               [26;1H~                                                                               [27;1H~                                                                               [28;1H~                                                                               [29;1H~                                                                               [30;1H~                                                                               [31;1H~                                                                               [32;1H~                                                                               [33;1H~                                                                               [34;1H~                                                                               [35;1H~                                                                               [36;1H~                                                                               [37;1H~                                                                               [38;1H~                                                                               [39;1H~                                                                               [40;1H~                                                                               [41;1H~                                                                               [42;1H~                                                                               [43;1H~                                                                               [44;1H~                                                                               [45;1H~                                                                               [46;1H~                                                                               [47;1H~                                                                               [48;1H~                                                                               [49;1H~                                                                               [m[50;63H1,1[11CAll[1;1H[?25h[?1000l[?1006h[?1002h[?1006l[?1002l[?1006h[?1002h[27m[23m[29m[m[H[2J[?25l[1;1H[96m//This tells Catch to provide a main() - only do this in one cpp file[m
[38;5;81m#define CATCH_CONFIG_MAIN 
#include [m[95m"catch.hh"[m

[38;5;81m#include [m[95m"fact.hh"[m

TEST_CASE( [95m"Factorials are computed"[m, [95m"[fact]"[m ) {
    REQUIRE( fact([95m1[m) == [95m1[m );
    REQUIRE( fact([95m2[m) == [95m2[m );
    REQUIRE( fact([95m3[m) == [95m6[m );
    REQUIRE( fact([95m10[m) == [95m3628800[m );
}

[94m~                                                                               [15;1H~                                                                               [16;1H~                                                                               [17;1H~                                                                               [18;1H~                                                                               [19;1H~                                                                               [20;1H~                                                                               [21;1H~                                                                               [22;1H~                                                                               [23;1H~                                                                               [24;1H~                                                                               [25;1H~                                                                               [26;1H~                                                                               [27;1H~                                                                               [28;1H~                                                                               [29;1H~                                                                               [30;1H~                                                                               [31;1H~                                                                               [32;1H~                                                                               [33;1H~                                                                               [34;1H~                                                                               [35;1H~                                                                               [36;1H~                                                                               [37;1H~                                                                               [38;1H~                                                                               [39;1H~                                                                               [40;1H~                                                                               [41;1H~                                                                               [42;1H~                                                                               [43;1H~                                                                               [44;1H~                                                                               [45;1H~                                                                               [46;1H~                                                                               [47;1H~                                                                               [48;1H~                                                                               [49;1H~                                                                               [m[50;63H1,1[11CAll"test-main.cc" 13L, 315C[1;1H[?25h[?25l[50;64H1,35[11;35H[?25h[?25l[50;53Hi[11;35H[50;53H [11;35H[50;1H[1m-- INSERT --[m[50;13H[K[50;63H11,35[9CAll[11;35H[?25h[?25l[50;67H6[11;36H[?25h[?25l[12;49r[12;1H[L[1;50r[50;63H[K[50;63H12,5[10CAll[12;5H[?25h[?25lR[50;66H6[12;6H[?25h[?25lE[50;66H7[12;7H[?25h[?25lQ[50;66H8[12;8H[?25h[?25lU[50;66H9[12;9H[?25h[?25lI[50;66H10[12;10H[?25h[?25lR[50;67H1[12;11H[?25h[?25lE[50;67H2[12;12H[?25h[?25l([50;67H3[12;13H[?25h[?25lf[50;67H4[12;14H[?25h[?25la[50;67H5[12;15H[?25h[?25lc[50;67H6[12;16H[?25h[?25lt[50;67H7[12;17H[?25h[?25l([50;67H8[12;18H[?25h[?25l[95m0[m[50;67H9[12;19H[?25h[?25l)[46m([1C)[m[50;66H20[12;20H[?25h[?25l=([1C)[50;67H1[12;21H[?25h[?25l=[50;67H2[12;22H[?25h[?25l[95m1[m[50;67H3[12;23H[?25h[?25l)[12;12H[46m([10C)[m[50;67H4[12;24H[?25h[?25l;[12;12H([10C)[50;67H5[12;25H[?25h[50;1H[K[12;24H[?25l[50;53H^[[12;24H[50;53H  [12;25H[50;63H12,24[9CAll[12;24H[?25h[?25l[50;53H:[12;24H[50;53H[K[50;1H:[?2004h[?25hw[?25l[?25hq[?25l[?25h[?25l[?1006l[?1002l[?2004l"test-main.cc" 14L, 340C written[23;2t[23;1t[22;2t[22;1t[23;2t[23;1t
[?2004l[?1l>[?25h[?1049l[23;0;0tqxiong1@remote02:~/i240a/work/lab10/1-fact$ vim fact.cc
[?1000h[?2004h[?1049h[22;0;0t[?1h=[?2004h[1;50r[?12h[?12l[22;2t[22;1t[27m[23m[29m[m[H[2J[?25l[50;1H"fact.cc" 5L, 91C[2;1Hâ–½[6n[2;1H  [1;1H[>c]10;?]11;?[1;1H[35m#include [m[31m"fact.hh"[m

[32munsigned[m fact([32munsigned[m n) {
  [38;5;130mreturn[m (n <= [31m1[m) ? n : n * fact(n - [31m1[m);
}
[94m~                                                                               [7;1H~                                                                               [8;1H~                                                                               [9;1H~                                                                               [10;1H~                                                                               [11;1H~                                                                               [12;1H~                                                                               [13;1H~                                                                               [14;1H~                                                                               [15;1H~                                                                               [16;1H~                                                                               [17;1H~                                                                               [18;1H~                                                                               [19;1H~                                                                               [20;1H~                                                                               [21;1H~                                                                               [22;1H~                                                                               [23;1H~                                                                               [24;1H~                                                                               [25;1H~                                                                               [26;1H~                                                                               [27;1H~                                                                               [28;1H~                                                                               [29;1H~                                                                               [30;1H~                                                                               [31;1H~                                                                               [32;1H~                                                                               [33;1H~                                                                               [34;1H~                                                                               [35;1H~                                                                               [36;1H~                                                                               [37;1H~                                                                               [38;1H~                                                                               [39;1H~                                                                               [40;1H~                                                                               [41;1H~                                                                               [42;1H~                                                                               [43;1H~                                                                               [44;1H~                                                                               [45;1H~                                                                               [46;1H~                                                                               [47;1H~                                                                               [48;1H~                                                                               [49;1H~                                                                               [m[50;63H1,1[11CAll[1;1H[?25h[?1000l[?1006h[?1002h[?1006l[?1002l[?1006h[?1002h[27m[23m[29m[m[H[2J[?25l[1;1H[38;5;81m#include [m[95m"fact.hh"[m

[38;5;121munsigned[m fact([38;5;121munsigned[m n) {
  [93mreturn[m (n <= [95m1[m) ? n : n * fact(n - [95m1[m);
}
[94m~                                                                               [7;1H~                                                                               [8;1H~                                                                               [9;1H~                                                                               [10;1H~                                                                               [11;1H~                                                                               [12;1H~                                                                               [13;1H~                                                                               [14;1H~                                                                               [15;1H~                                                                               [16;1H~                                                                               [17;1H~                                                                               [18;1H~                                                                               [19;1H~                                                                               [20;1H~                                                                               [21;1H~                                                                               [22;1H~                                                                               [23;1H~                                                                               [24;1H~                                                                               [25;1H~                                                                               [26;1H~                                                                               [27;1H~                                                                               [28;1H~                                                                               [29;1H~                                                                               [30;1H~                                                                               [31;1H~                                                                               [32;1H~                                                                               [33;1H~                                                                               [34;1H~                                                                               [35;1H~                                                                               [36;1H~                                                                               [37;1H~                                                                               [38;1H~                                                                               [39;1H~                                                                               [40;1H~                                                                               [41;1H~                                                                               [42;1H~                                                                               [43;1H~                                                                               [44;1H~                                                                               [45;1H~                                                                               [46;1H~                                                                               [47;1H~                                                                               [48;1H~                                                                               [49;1H~                                                                               [m[50;63H1,1[11CAll"fact.cc" 5L, 91C[1;1H[?25h[?25l[50;53H:[1;1H[50;1H[K[50;1H:[?2004h[?25hq[?25l[?25h[?25l[?1006l[?1002l[?2004l[23;2t[23;1t[22;2t[22;1t[23;2t[23;1t[50;1H[K[50;1H[?2004l[?1l>[?25h[?1049l[23;0;0tqxiong1@remote02:~/i240a/work/lab10/1-fact$ vim fact.c[Khh
[?1000h[?2004h[?1049h[22;0;0t[?1h=[?2004h[1;50r[?12h[?12l[22;2t[22;1t[27m[23m[29m[m[H[2J[?25l[50;1H"fact.hh" 6L, 88C[2;1Hâ–½[6n[2;1H  [1;1H[>c]10;?]11;?[1;1H[35m#ifndef FACT_HH_
#define FACT_HH_[m

[32munsigned[m fact([32munsigned[m n);

[35m#endif[m [34m//ifndef FACT_HH_[m
[94m~                                                                               [8;1H~                                                                               [9;1H~                                                                               [10;1H~                                                                               [11;1H~                                                                               [12;1H~                                                                               [13;1H~                                                                               [14;1H~                                                                               [15;1H~                                                                               [16;1H~                                                                               [17;1H~                                                                               [18;1H~                                                                               [19;1H~                                                                               [20;1H~                                                                               [21;1H~                                                                               [22;1H~                                                                               [23;1H~                                                                               [24;1H~                                                                               [25;1H~                                                                               [26;1H~                                                                               [27;1H~                                                                               [28;1H~                                                                               [29;1H~                                                                               [30;1H~                                                                               [31;1H~                                                                               [32;1H~                                                                               [33;1H~                                                                               [34;1H~                                                                               [35;1H~                                                                               [36;1H~                                                                               [37;1H~                                                                               [38;1H~                                                                               [39;1H~                                                                               [40;1H~                                                                               [41;1H~                                                                               [42;1H~                                                                               [43;1H~                                                                               [44;1H~                                                                               [45;1H~                                                                               [46;1H~                                                                               [47;1H~                                                                               [48;1H~                                                                               [49;1H~                                                                               [m[50;63H1,1[11CAll[1;1H[?25h[?1000l[?1006h[?1002h[?1006l[?1002l[?1006h[?1002h[27m[23m[29m[m[H[2J[?25l[1;1H[38;5;81m#ifndef FACT_HH_
#define FACT_HH_[m

[38;5;121munsigned[m fact([38;5;121munsigned[m n);

[38;5;81m#endif[m [96m//ifndef FACT_HH_[m
[94m~                                                                               [8;1H~                                                                               [9;1H~                                                                               [10;1H~                                                                               [11;1H~                                                                               [12;1H~                                                                               [13;1H~                                                                               [14;1H~                                                                               [15;1H~                                                                               [16;1H~                                                                               [17;1H~                                                                               [18;1H~                                                                               [19;1H~                                                                               [20;1H~                                                                               [21;1H~                                                                               [22;1H~                                                                               [23;1H~                                                                               [24;1H~                                                                               [25;1H~                                                                               [26;1H~                                                                               [27;1H~                                                                               [28;1H~                                                                               [29;1H~                                                                               [30;1H~                                                                               [31;1H~                                                                               [32;1H~                                                                               [33;1H~                                                                               [34;1H~                                                                               [35;1H~                                                                               [36;1H~                                                                               [37;1H~                                                                               [38;1H~                                                                               [39;1H~                                                                               [40;1H~                                                                               [41;1H~                                                                               [42;1H~                                                                               [43;1H~                                                                               [44;1H~                                                                               [45;1H~                                                                               [46;1H~                                                                               [47;1H~                                                                               [48;1H~                                                                               [49;1H~                                                                               [m[50;63H1,1[11CAll"fact.hh" 6L, 88C[1;1H[?25h[?25l[50;53Hl[1;1H[50;53H [1;2H[50;65H2[1;2H[?25h[?25l[50;53Hs[1;2H[50;53H [1;2H[50;53Hcl[1;2H[50;53H  [1;2H[50;1H[1m-- INSERT --[m[50;13H[K[50;63H1,2[11CAll[1;1H#fndef FACT_HH_[1;16H[K[1;2H[?25h[?25l[2;49r[2;1H[L[1;50r[1;2H[K[2;1Hfndef FACT_HH_[50;63H[K[50;63H2,1[11CAll[2;1H[?25h[?25l[1;49r[49;1H
[1;50r[1;1H#fndef FACT_HH_[49;1H[94m~                                                                               [m[50;63H[K[50;63H1,2[11CAll[1;2H[?25h[?25lufndef FACT_HH_[50;65H3[1;3H[?25h[?25lfndef FACT_HH_[1;16H[K[50;65H2[1;2H[?25h[?25l[38;5;81m#ifndef FACT_HH_[m[50;65H3[1;3H[?25h[50;1H[K[1;2H[?25l[50;53H^[[1;2H[50;53H  [1;3H[50;63H1,2[11CAll[1;2H[?25h[?25l[50;53H:[1;2H[50;53H[K[50;1H:[?2004h[?25h![?25l[?25hq[?25l[?25h[?25l:!q[?2004l[?1l>[?25h[?1049l[23;0;0t
[No write since last change]
[?1006l[?1002l[?2004l/bin/bash: q: command not found
[?1006h[?1002h[?2004h
shell returned 127

Press ENTER or type command to continue[?1006l[?1002l[?1006h[?1002h[?1049h[22;0;0t[?1h=[?2004h[?25l[1;2H[27m[23m[29m[m[H[2J[1;1H[38;5;81m#ifndef FACT_HH_
#define FACT_HH_[m

[38;5;121munsigned[m fact([38;5;121munsigned[m n);

[38;5;81m#endif[m [96m//ifndef FACT_HH_[m
[94m~                                                                               [8;1H~                                                                               [9;1H~                                                                               [10;1H~                                                                               [11;1H~                                                                               [12;1H~                                                                               [13;1H~                                                                               [14;1H~                                                                               [15;1H~                                                                               [16;1H~                                                                               [17;1H~                                                                               [18;1H~                                                                               [19;1H~                                                                               [20;1H~                                                                               [21;1H~                                                                               [22;1H~                                                                               [23;1H~                                                                               [24;1H~                                                                               [25;1H~                                                                               [26;1H~                                                                               [27;1H~                                                                               [28;1H~                                                                               [29;1H~                                                                               [30;1H~                                                                               [31;1H~                                                                               [32;1H~                                                                               [33;1H~                                                                               [34;1H~                                                                               [35;1H~                                                                               [36;1H~                                                                               [37;1H~                                                                               [38;1H~                                                                               [39;1H~                                                                               [40;1H~                                                                               [41;1H~                                                                               [42;1H~                                                                               [43;1H~                                                                               [44;1H~                                                                               [45;1H~                                                                               [46;1H~                                                                               [47;1H~                                                                               [48;1H~                                                                               [49;1H~                                                                               [m[50;63H1,2[11CAll[1;2H[?25h[?25l[50;53Hl[1;2H[50;53H [1;3H[50;65H3[1;3H[?25h[?25l[50;53Hs[1;3H[50;53H [1;3H[50;53Hcl[1;3H[50;53H  [1;3H[50;1H[1m-- INSERT --[m[50;63H[K[50;63H1,3[11CAll[1;1H#indef FACT_HH_[1;16H[K[1;3H[?25h[?25l[2;49r[2;1H[L[1;50r[1;3H[K[2;1Hndef FACT_HH_[50;63H[K[50;63H2,1[11CAll[2;1H[?25h[?25l[1;49r[49;1H
[1;50r[1;1H#indef FACT_HH_[49;1H[94m~                                                                               [m[50;63H[K[50;63H1,3[11CAll[1;3H[?25h[50;1H[K[1;2H[?25l[50;53H^[[1;2H[50;53H  [1;3H[50;63H1,2[11CAll[1;2H[?25h[?25l[50;53Hi[1;2H[50;53H [1;2H[50;1H[1m-- INSERT --[m[50;63H[K[50;63H1,2[11CAll[1;2H[?25h[?25l[50;65H3[1;3H[?25h[?25l[38;5;81m#ifndef FACT_HH_[m[50;65H4[1;4H[?25h[50;1H[K[1;3H[?25l[50;53H^[[1;3H[50;53H  [1;4H[50;63H1,3[11CAll[1;3H[?25h[?25l[50;53H:[1;3H[50;53H[K[50;1H:[?2004h[?25hw[?25l[?25hq[?25l[?25h[?25l[?1006l[?1002l[?2004l"fact.hh" 6L, 88C written[23;2t[23;1t[22;2t[22;1t[23;2t[23;1t[?2004l[?1l>[?25h[?1049l[23;0;0t
qxiong1@remote02:~/i240a/work/lab10/1-fact$ vim main.cc
[?1000h[?2004h[?1049h[22;0;0t[?1h=[?2004h[1;50r[?12h[?12l[22;2t[22;1t[27m[23m[29m[m[H[2J[?25l[50;1H"main.cc" 10L, 194C[2;1Hâ–½[6n[2;1H  [1;1H[>c]10;?]11;?[1;1H[35m#include [m[31m<iostream>[m

[35m#include [m[31m"fact.hh"[m

[32mint[m main([32mint[m argc, [32mconst[m [32mchar[m* argv[]) {
  [38;5;130mfor[m ([32mint[m i = [31m1[m; i < argc; ++i) {
    [32mint[m n = std::atoi(argv[i]);
    std::cout << fact(n) << std::endl;
  }
}
[94m~                                                                               [12;1H~                                                                               [13;1H~                                                                               [14;1H~                                                                               [15;1H~                                                                               [16;1H~                                                                               [17;1H~                                                                               [18;1H~                                                                               [19;1H~                                                                               [20;1H~                                                                               [21;1H~                                                                               [22;1H~                                                                               [23;1H~                                                                               [24;1H~                                                                               [25;1H~                                                                               [26;1H~                                                                               [27;1H~                                                                               [28;1H~                                                                               [29;1H~                                                                               [30;1H~                                                                               [31;1H~                                                                               [32;1H~                                                                               [33;1H~                                                                               [34;1H~                                                                               [35;1H~                                                                               [36;1H~                                                                               [37;1H~                                                                               [38;1H~                                                                               [39;1H~                                                                               [40;1H~                                                                               [41;1H~                                                                               [42;1H~                                                                               [43;1H~                                                                               [44;1H~                                                                               [45;1H~                                                                               [46;1H~                                                                               [47;1H~                                                                               [48;1H~                                                                               [49;1H~                                                                               [m[50;63H1,1[11CAll[1;1H[?25h[?1000l[?1006h[?1002h[?1006l[?1002l[?1006h[?1002h[27m[23m[29m[m[H[2J[?25l[1;1H[38;5;81m#include [m[95m<iostream>[m

[38;5;81m#include [m[95m"fact.hh"[m

[38;5;121mint[m main([38;5;121mint[m argc, [38;5;121mconst[m [38;5;121mchar[m* argv[]) {
  [93mfor[m ([38;5;121mint[m i = [95m1[m; i < argc; ++i) {
    [38;5;121mint[m n = std::atoi(argv[i]);
    std::cout << fact(n) << std::endl;
  }
}
[94m~                                                                               [12;1H~                                                                               [13;1H~                                                                               [14;1H~                                                                               [15;1H~                                                                               [16;1H~                                                                               [17;1H~                                                                               [18;1H~                                                                               [19;1H~                                                                               [20;1H~                                                                               [21;1H~                                                                               [22;1H~                                                                               [23;1H~                                                                               [24;1H~                                                                               [25;1H~                                                                               [26;1H~                                                                               [27;1H~                                                                               [28;1H~                                                                               [29;1H~                                                                               [30;1H~                                                                               [31;1H~                                                                               [32;1H~                                                                               [33;1H~                                                                               [34;1H~                                                                               [35;1H~                                                                               [36;1H~                                                                               [37;1H~                                                                               [38;1H~                                                                               [39;1H~                                                                               [40;1H~                                                                               [41;1H~                                                                               [42;1H~                                                                               [43;1H~                                                                               [44;1H~                                                                               [45;1H~                                                                               [46;1H~                                                                               [47;1H~                                                                               [48;1H~                                                                               [49;1H~                                                                               [m[50;63H1,1[11CAll"main.cc" 10L, 194C[1;1H[?25h[?25l[50;53H:[1;1H[50;1H[K[50;1H:[?2004h[?25hq[?25l[?25h[?25l[?1006l[?1002l[?2004l[23;2t[23;1t[22;2t[22;1t[23;2t[23;1t[50;1H[K[50;1H[?2004l[?1l>[?25h[?1049l[23;0;0tqxiong1@remote02:~/i240a/work/lab10/1-fact$ ls
fact.cc  fact.hh  main.cc  test-main.cc
qxiong1@remote02:~/i240a/work/lab10/1-fact$ ls
fact.cc  fact.hh  main.cc  test-main.cc
qxiong1@remote02:~/i240a/work/lab10/1-fact$ m[Kmake
make: *** No targets specified and no makefile found.  Stop.
qxiong1@remote02:~/i240a/work/lab10/1-fact$ cd ..
qxiong1@remote02:~/i240a/work/lab10$ ks
bash: ks: command not found
qxiong1@remote02:~/i240a/work/lab10$ ls
1-fact	2-tdd  Makefile  typescript
qxiong1@remote02:~/i240a/work/lab10$ vim Makei[Kfile
[?1000h[?2004h[?1049h[22;0;0t[?1h=[?2004h[1;50r[?12h[?12l[22;2t[22;1t[27m[23m[29m[m[H[2J[?25l[50;1H"Makefile" 70L, 1791C[2;1Hâ–½[6n[2;1H  [1;1H[>c]10;?]11;?[1;1H[36mCOURSE [m= cs240
[36mCOURSE_DIR [m= [36m$(HOME)[m/[36m$(COURSE)

CPPFLAGS [m= -I [36m$(COURSE_DIR)[m/include
[36mCXX [m= g++
[36mCXXFLAGS [m= -g -Wall -std=c++17

[34m#produce a list of all cc files which do not have main in their name[m
[36mCXX_FILES [m= [36m$([m[38;5;130mshell[m[36m ls *.cc | grep -v main)[m

[34m#main cc files:[m
[36mMAIN_CXX_FILES [m= [36m$([m[38;5;130mwildcard[m[36m *main*.cc)[m

[34m#produce a list of all *.o files by substituting cc in CXX_FILES with o.[m
[36mOFILES [m= [36m$(CXX_FILES:cc=o)[m

[34m#dir in which to generate dependences[m
[36mDEPDIR [m= .deps

[36mTARGETS [m= main test-main

[36mall:[12C$(TARGETS)[m .gitignore

[36mmain:[m[11Cmain.o [36m$(OFILES)[m
[31m                [m[36m$(CXX)[m[31m [m[36m$<[m[31m [m[36m$(OFILES)[m[31m -o [m[36m$@

test-main:[m      test-main.o [36m$(OFILES)[m
[31m                [m[36m$(CXX)[m[31m [m[36m$<[m[31m [m[36m$(OFILES)[m[31m -o [m[36m$@

.phony:[m[9Cclean
[36mclean:[m
[31m                rm -rf *.o *~ [m[36m$(TARGETS)[m[31m [m[36m$(DEPDIR)[m[31m .gitignore[m

[36m.gitignore:[m     [36m$(CXX_FILES)[m
[31m                cat </dev/null >[m[36m$@[m
[31m                echo [m[36m$(DEPDIR)[m[31m >[m[36m$@[m
[31m                for t in [m[36m$(TARGETS)[m[31m [m[36m$(OFILES)[m[31m; do echo [m[36m$$[m[31mt >>[m[36m$@[m[31m; done[m


[34m#auto-dependences
#<http://make.mad-scientist.net/papers/advanced-auto-dependency-generation/>

#have DEPDIR/*.d file for each *.cc file[m
[36mDEPFILES [m= [36m$(CXX_FILES:%.cc=$(DEPDIR)/%.d)[m [35m\
           [m[36m$(MAIN_CXX_FILES:%.cc=$(DEPDIR)/%.d)

x:[m
[31m        echo [m[36m$(DEPFILES)[m[31m [m[36m$($([m[38;5;130mwildcard[m[36m *main*.cc):%.cc=$(DEPDIR)/%.d)[m[50;63H1,1[11CTop[1;1H[?25h[?1000l[?1006h[?1002h[?1006l[?1002l[?1006h[?1002h[27m[23m[29m[m[H[2J[?25l[1;1H[1m[96mCOURSE [m= cs240
[1m[96mCOURSE_DIR [m= [1m[96m$(HOME)[m/[1m[96m$(COURSE)

CPPFLAGS [m= -I [1m[96m$(COURSE_DIR)[m/include
[1m[96mCXX [m= g++
[1m[96mCXXFLAGS [m= -g -Wall -std=c++17

[96m#produce a list of all cc files which do not have main in their name[m
[1m[96mCXX_FILES [m= [1m[96m$([m[93mshell[m[1m[96m ls *.cc | grep -v main)[m

[96m#main cc files:[m
[1m[96mMAIN_CXX_FILES [m= [1m[96m$([m[93mwildcard[m[1m[96m *main*.cc)[m

[96m#produce a list of all *.o files by substituting cc in CXX_FILES with o.[m
[1m[96mOFILES [m= [1m[96m$(CXX_FILES:cc=o)[m

[96m#dir in which to generate dependences[m
[1m[96mDEPDIR [m= .deps

[1m[96mTARGETS [m= main test-main

[1m[96mall:[12C$(TARGETS)[m .gitignore

[1m[96mmain:[m[11Cmain.o [1m[96m$(OFILES)[m
[95m                [m[1m[96m$(CXX)[m[95m [m[1m[96m$<[m[95m [m[1m[96m$(OFILES)[m[95m -o [m[1m[96m$@

test-main:[m      test-main.o [1m[96m$(OFILES)[m
[95m                [m[1m[96m$(CXX)[m[95m [m[1m[96m$<[m[95m [m[1m[96m$(OFILES)[m[95m -o [m[1m[96m$@

.phony:[m[9Cclean
[1m[96mclean:[m
[95m                rm -rf *.o *~ [m[1m[96m$(TARGETS)[m[95m [m[1m[96m$(DEPDIR)[m[95m .gitignore[m

[1m[96m.gitignore:[m     [1m[96m$(CXX_FILES)[m
[95m                cat </dev/null >[m[1m[96m$@[m
[95m                echo [m[1m[96m$(DEPDIR)[m[95m >[m[1m[96m$@[m
[95m                for t in [m[1m[96m$(TARGETS)[m[95m [m[1m[96m$(OFILES)[m[95m; do echo [m[1m[96m$$[m[95mt >>[m[1m[96m$@[m[95m; done[m


[96m#auto-dependences
#<http://make.mad-scientist.net/papers/advanced-auto-dependency-generation/>

#have DEPDIR/*.d file for each *.cc file[m
[1m[96mDEPFILES [m= [1m[96m$(CXX_FILES:%.cc=$(DEPDIR)/%.d)[m [38;5;224m\
           [m[1m[96m$(MAIN_CXX_FILES:%.cc=$(DEPDIR)/%.d)

x:[m
[95m        echo [m[1m[96m$(DEPFILES)[m[95m [m[1m[96m$($([m[93mwildcard[m[1m[96m *main*.cc):%.cc=$(DEPDIR)/%.d)[m[50;63H1,1[11CTop"Makefile" 70L, 1791C[1;1H[?25h[?25l[50;53H:[1;1H[50;1H[K[50;1H:[?2004h[?25hq[?25l[?25h[?25l[?1006l[?1002l[?2004l[23;2t[23;1t[22;2t[22;1t[23;2t[23;1t[50;1H[K[50;1H[?2004l[?1l>[?25h[?1049l[23;0;0tqxiong1@remote02:~/i240a/work/lab10$ cd 1-fact/
qxiong1@remote02:~/i240a/work/lab10/1-fact$ cd[K[Kcd ,[K.
qxiong1@remote02:~/i240a/work/lab10/1-fact$ cd ..
qxiong1@remote02:~/i240a/work/lab10$ ls
1-fact	2-tdd  Makefile  typescript
qxiong1@remote02:~/i240a/work/lab10$ cd 2-tdd/
qxiong1@remote02:~/i240a/work/lab10/2-tdd$ ls
digit-sum.cc  digit-sum.hh  main.cc  test-main.cc
qxiong1@remote02:~/i240a/work/lab10/2-tdd$ vim diti[K[Kgit-sum.cc
[?1000h[?2004h[?1049h[22;0;0t[?1h=[?2004h[1;50r[?12h[?12l[22;2t[22;1t[27m[23m[29m[m[H[2J[?25l[50;1H"digit-sum.cc" 8L, 78C[2;1Hâ–½[6n[2;1H  [1;1H[>c]10;?]11;?[1;1H[35m#include [m[31m<cctype>[m

[35m#include [m[31m"digit-sum.hh"[m

[32mint[m
digitSum([32mconst[m [32mchar[m* str)
{
}
[94m~                                                                               [10;1H~                                                                               [11;1H~                                                                               [12;1H~                                                                               [13;1H~                                                                               [14;1H~                                                                               [15;1H~                                                                               [16;1H~                                                                               [17;1H~                                                                               [18;1H~                                                                               [19;1H~                                                                               [20;1H~                                                                               [21;1H~                                                                               [22;1H~                                                                               [23;1H~                                                                               [24;1H~                                                                               [25;1H~                                                                               [26;1H~                                                                               [27;1H~                                                                               [28;1H~                                                                               [29;1H~                                                                               [30;1H~                                                                               [31;1H~                                                                               [32;1H~                                                                               [33;1H~                                                                               [34;1H~                                                                               [35;1H~                                                                               [36;1H~                                                                               [37;1H~                                                                               [38;1H~                                                                               [39;1H~                                                                               [40;1H~                                                                               [41;1H~                                                                               [42;1H~                                                                               [43;1H~                                                                               [44;1H~                                                                               [45;1H~                                                                               [46;1H~                                                                               [47;1H~                                                                               [48;1H~                                                                               [49;1H~                                                                               [m[50;63H1,1[11CAll[1;1H[?25h[?1000l[?1006h[?1002h[?1006l[?1002l[?1006h[?1002h[27m[23m[29m[m[H[2J[?25l[1;1H[38;5;81m#include [m[95m<cctype>[m

[38;5;81m#include [m[95m"digit-sum.hh"[m

[38;5;121mint[m
digitSum([38;5;121mconst[m [38;5;121mchar[m* str)
{
}
[94m~                                                                               [10;1H~                                                                               [11;1H~                                                                               [12;1H~                                                                               [13;1H~                                                                               [14;1H~                                                                               [15;1H~                                                                               [16;1H~                                                                               [17;1H~                                                                               [18;1H~                                                                               [19;1H~                                                                               [20;1H~                                                                               [21;1H~                                                                               [22;1H~                                                                               [23;1H~                                                                               [24;1H~                                                                               [25;1H~                                                                               [26;1H~                                                                               [27;1H~                                                                               [28;1H~                                                                               [29;1H~                                                                               [30;1H~                                                                               [31;1H~                                                                               [32;1H~                                                                               [33;1H~                                                                               [34;1H~                                                                               [35;1H~                                                                               [36;1H~                                                                               [37;1H~                                                                               [38;1H~                                                                               [39;1H~                                                                               [40;1H~                                                                               [41;1H~                                                                               [42;1H~                                                                               [43;1H~                                                                               [44;1H~                                                                               [45;1H~                                                                               [46;1H~                                                                               [47;1H~                                                                               [48;1H~                                                                               [49;1H~                                                                               [m[50;63H1,1[11CAll"digit-sum.cc" 8L, 78C[1;1H[?25h[?25l[7;1H[46m{
}[m[50;63H8[8;1H[?25h[?25l[50;1H[1m-- INSERT --[m[50;13H[K[50;63H8,1[11CAll[8;1H[38;5;121m[46mi[m[38;5;121mnt[m
digitSum([38;5;121mconst[m [38;5;121mchar[m* str)[9;26H[K[10;1H{[10;2H[K[11;1H        [38;5;121mint[m acc = [95m0[m;[11;21H[K[12;1H        [38;5;121mbool[m wantDi}[12;21H[K[12;20H[?25h[?25lgit = [95mtrue[m;
        [93mfor[m([38;5;121mint[m i = [95m0[m; str[i] != [38;5;224m'\0'[m; i++)[13;44H[K[14;1H        {[14;10H[K[15;1H                [93mif[m(isdigit}[15;28H[K[15;27H[?25h[?25l(str[i]))
                {[16;18H[K[17;1H                        [93mif[m(wantDigit)[17;38H[K[18;1H                        {[18;26H[K[19;1H                                acc += str[i] - [95m'0'[m;[19;53H[K[20;1H                        }[20;26H[K[20;25H[?25h[?25l [7CwantDigit = [95mfalse[m;
                        }[21;26H[K[22;1H                        [93melse[m[22;29H[K[23;1H                                [93mbreak[m;[23;39H[K[24;1H                }[24;18H[K[25;1H                [93melse[m [93mif[m(str[i[38;5;231m[101m}[m[25;31H[K[25;30H[?25h[?25l] == [95m'+'[m)
                        [93mif[m(!wantDigit)[26;39H[K[27;1H                                wantDigit = [95mtrue[m;[27;50H[K[28;1H                        [93melse[m[28;29H[K[29;1H                                b}[29;35H[K[29;34H[?25h[?25l[93mbreak[m;
                [93melse[m [93mif[m(str[i] == [95m' '[m)[30;39H[K[31;1H                        [93mcontinue[m;[31;34H[K[32;1H                [93melse[m[32;21H[K[33;1H                        [93mbreak[m;[33;31H[K[34;1H        }}[34;11H[K[34;10H[?25h[?25l[50;1H[K[7;1H{
[38;5;121mi[m

[46m{[m[34;10H[K[35;1H        [93mreturn[m acc;[35;20H[K[36;1H[46m}[m}[36;3H[K[50;63H36,1[10CAll[36;1H[?25h[?25l[10;1H{[36;1H}[50;64H5,12-19[35;19H[?25h[?25l[50;53Hi[35;19H[50;53H [35;19H[50;1H[1m-- INSERT --[m[50;63H[K[50;63H35,12-19      All[35;19H[?25h[?25l[7;1H[46m{[36;2H}[m[50;64H6,3    [36;3H[?25h[?25l[36;2H[K[7;1H{


[46m{[36;1H}[m[50;66H2[36;2H[?25h[?25l[10;1H{[36;1H}[50;63H8,4 [8;4H[?25h[?25l[50;63H7,2[7;2H[?25h[?25l[7;1H[K[50;65H1[7;1H[?25h[?25l[6;49r[49;1H
[1;50r[6;1HdigitSum([38;5;121mconst[m [38;5;121mchar[m* str)[49;1H[94m~                                                                               [m[50;63H[K[50;63H6,26[10CAll[6;9H[46m([15C)[?25h[?25l[m[6;25H[K[6;9H([50;66H5[6;25H[?25h[?25l[6;24H[K[50;66H4[6;24H[?25h[?25l[6;23H[K[50;66H3[6;23H[?25h[?25l[6;22H[K[50;66H2[6;22H[?25h[?25l[50;66H1[6;21H[?25h[?25l[6;20H[K[50;66H0[6;20H[?25h[?25lcha[6;19H[K[50;65H19[6;19H[?25h[?25l[6;18H[K[50;66H8[6;18H[?25h[?25l[6;17H[K[50;66H7[6;17H[?25h[?25l[6;16H[K[50;66H6[6;16H[?25h[?25l[50;66H5[6;15H[?25h[?25lcons[6;14H[K[50;66H4[6;14H[?25h[?25l[6;13H[K[50;66H3[6;13H[?25h[?25l[6;12H[K[50;66H2[6;12H[?25h[?25l[6;11H[K[50;66H1[6;11H[?25h[?25l[6;10H[K[50;66H0[6;10H[?25h[?25l[6;9H[K[50;65H9 [6;9H[?25h[?25l[6;8H[K[50;65H8[6;8H[?25h[?25l[6;7H[K[50;65H7[6;7H[?25h[?25l[6;6H[K[50;65H6[6;6H[?25h[?25l[6;5H[K[50;65H5[6;5H[?25h[?25l[6;4H[K[50;65H4[6;4H[?25h[?25l[6;3H[K[50;65H3[6;3H[?25h[?25l[6;2H[K[50;65H2[6;2H[?25h[?25l[6;1H[K[50;65H1[6;1H[?25h[?25l[5;49r[49;1H
[1;50r[5;1H[38;5;121mint[m[49;1H[94m~                                                                               [m[50;63H[K[50;63H5,4[11CAll[5;4H[?25h[?25lin[5;3H[K[50;65H3[5;3H[?25h[?25l[5;2H[K[50;65H2[5;2H[?25h[?25l[5;1H[K[50;65H1[5;1H[?25h[?25l[4;49r[49;1H
[1;50r[49;1H[94m~                                                                               [m[50;63H[K[50;63H4,1[11CAll[4;1H[?25h[50;1H[K[4;1H[?25l[50;53H^[[4;1H[50;53H  [4;1H[50;63H4,0-1[9CAll[4;1H[?25h[?25l[50;53H:[4;1H[50;53H[K[50;1H:[?2004h[?25hWq[?25l[?25h[?25l[97m[41mE492: Not an editor command: Wq[4;1H[m[50;63H4,0-1[9CAll[4;1H[?25h[?25l[50;53H:[4;1H[50;1H[K[50;1H:[?2004h[?25hw[?25l[?25hq[?25l[?25h[?25l[?1006l[?1002l[?2004l"digit-sum.cc" 33L, 435C written[23;2t[23;1t[22;2t[22;1t[23;2t[23;1t
[?2004l[?1l>[?25h[?1049l[23;0;0tqxiong1@remote02:~/i240a/work/lab10/2-tdd$ vim digit-sum.hh
[?1000h[?2004h[?1049h[22;0;0t[?1h=[?2004h[1;50r[?12h[?12l[22;2t[22;1t[27m[23m[29m[m[H[2J[?25l[50;1H"digit-sum.hh" 6L, 103C[2;1Hâ–½[6n[2;1H  [1;1H[>c]10;?]11;?[1;1H[35m#ifndef DIGIT_SUM_
#define DIGIT_SUM_[m

[32mint[m digitSum([32mconst[m [32mchar[m* str);

[35m#endif[m [34m//#ifndef ACC_DIGIT_SUM_[m
[94m~                                                                               [8;1H~                                                                               [9;1H~                                                                               [10;1H~                                                                               [11;1H~                                                                               [12;1H~                                                                               [13;1H~                                                                               [14;1H~                                                                               [15;1H~                                                                               [16;1H~                                                                               [17;1H~                                                                               [18;1H~                                                                               [19;1H~                                                                               [20;1H~                                                                               [21;1H~                                                                               [22;1H~                                                                               [23;1H~                                                                               [24;1H~                                                                               [25;1H~                                                                               [26;1H~                                                                               [27;1H~                                                                               [28;1H~                                                                               [29;1H~                                                                               [30;1H~                                                                               [31;1H~                                                                               [32;1H~                                                                               [33;1H~                                                                               [34;1H~                                                                               [35;1H~                                                                               [36;1H~                                                                               [37;1H~                                                                               [38;1H~                                                                               [39;1H~                                                                               [40;1H~                                                                               [41;1H~                                                                               [42;1H~                                                                               [43;1H~                                                                               [44;1H~                                                                               [45;1H~                                                                               [46;1H~                                                                               [47;1H~                                                                               [48;1H~                                                                               [49;1H~                                                                               [m[50;63H1,1[11CAll[1;1H[?25h[?1000l[?1006h[?1002h[?1006l[?1002l[?1006h[?1002h[27m[23m[29m[m[H[2J[?25l[1;1H[38;5;81m#ifndef DIGIT_SUM_
#define DIGIT_SUM_[m

[38;5;121mint[m digitSum([38;5;121mconst[m [38;5;121mchar[m* str);

[38;5;81m#endif[m [96m//#ifndef ACC_DIGIT_SUM_[m
[94m~                                                                               [8;1H~                                                                               [9;1H~                                                                               [10;1H~                                                                               [11;1H~                                                                               [12;1H~                                                                               [13;1H~                                                                               [14;1H~                                                                               [15;1H~                                                                               [16;1H~                                                                               [17;1H~                                                                               [18;1H~                                                                               [19;1H~                                                                               [20;1H~                                                                               [21;1H~                                                                               [22;1H~                                                                               [23;1H~                                                                               [24;1H~                                                                               [25;1H~                                                                               [26;1H~                                                                               [27;1H~                                                                               [28;1H~                                                                               [29;1H~                                                                               [30;1H~                                                                               [31;1H~                                                                               [32;1H~                                                                               [33;1H~                                                                               [34;1H~                                                                               [35;1H~                                                                               [36;1H~                                                                               [37;1H~                                                                               [38;1H~                                                                               [39;1H~                                                                               [40;1H~                                                                        